Fri Jun  6 18:14:53 2025       
+-----------------------------------------------------------------------------------------+
| NVIDIA-SMI 550.120                Driver Version: 550.120        CUDA Version: 12.4     |
|-----------------------------------------+------------------------+----------------------+
| GPU  Name                 Persistence-M | Bus-Id          Disp.A | Volatile Uncorr. ECC |
| Fan  Temp   Perf          Pwr:Usage/Cap |           Memory-Usage | GPU-Util  Compute M. |
|                                         |                        |               MIG M. |
|=========================================+========================+======================|
|   0  NVIDIA A40                     Off |   00000000:00:11.0 Off |                    0 |
|  0%   22C    P8             21W /  300W |       1MiB /  46068MiB |      0%      Default |
|                                         |                        |                  N/A |
+-----------------------------------------+------------------------+----------------------+
                                                                                         
+-----------------------------------------------------------------------------------------+
| Processes:                                                                              |
|  GPU   GI   CI        PID   Type   Process name                              GPU Memory |
|        ID   ID                                                               Usage      |
|=========================================================================================|
|  No running processes found                                                             |
+-----------------------------------------------------------------------------------------+
 18:14:53 up 41 days, 17:35,  0 user,  load average: 0.73, 0.42, 0.96
Using device: cuda
  Model: overall_vulberta_bs1_ep3_lr1e-05_wd0_accum8_dsCrossVul
  Parsed CWE ID: vulberta
  Parsed Dataset Short Name: CrossVul
  Evaluation Dataset Path: /vol/bitbucket/rg721/CrossVul

Evaluating /vol/bitbucket/rg721/FinalYearProject/overallruns/models/overall_vulberta_bs1_ep3_lr1e-05_wd0_accum8_dsCrossVul...
0
No samples found for vulberta in /vol/bitbucket/rg721/CrossVul for evaluation of /vol/bitbucket/rg721/FinalYearProject/overallruns/models/overall_vulberta_bs1_ep3_lr1e-05_wd0_accum8_dsCrossVul
  Model: overall_vulberta_bs1_ep3_lr1e-05_wd0_accum8_dsNoRename
  Parsed CWE ID: vulberta
  Parsed Dataset Short Name: NoRename
  Evaluation Dataset Path: /vol/bitbucket/rg721/FinalYearProject/Preprocessed/NoRename

Evaluating /vol/bitbucket/rg721/FinalYearProject/overallruns/models/overall_vulberta_bs1_ep3_lr1e-05_wd0_accum8_dsNoRename...
0
No samples found for vulberta in /vol/bitbucket/rg721/FinalYearProject/Preprocessed/NoRename for evaluation of /vol/bitbucket/rg721/FinalYearProject/overallruns/models/overall_vulberta_bs1_ep3_lr1e-05_wd0_accum8_dsNoRename
  Model: overall_vulberta_bs1_ep3_lr1e-05_wd0_accum8_dsRename
  Parsed CWE ID: vulberta
  Parsed Dataset Short Name: Rename
  Evaluation Dataset Path: /vol/bitbucket/rg721/FinalYearProject/Preprocessed/Rename

Evaluating /vol/bitbucket/rg721/FinalYearProject/overallruns/models/overall_vulberta_bs1_ep3_lr1e-05_wd0_accum8_dsRename...
0
No samples found for vulberta in /vol/bitbucket/rg721/FinalYearProject/Preprocessed/Rename for evaluation of /vol/bitbucket/rg721/FinalYearProject/overallruns/models/overall_vulberta_bs1_ep3_lr1e-05_wd0_accum8_dsRename

--- Finished Evaluation of Trained Models ---
Log saved to ./test_untrained_log.txt
